// Jest Snapshot v1, https://goo.gl/fbAQLP

exports[`fixtures fixture test-a: git-diff 1`] = `
"diff --git a/.pnp.js b/.pnp.js
index 91dfda1..b6ec5f1 100755
--- a/.pnp.js
+++ b/.pnp.js
@@ -31,7 +31,7 @@ function $$SETUP_STATE(hydrateRuntimeState, basePath) {
     \\"fallbackPool\\": [
       [
         \\"@babel/runtime\\",
-        \\"npm:7.5.0\\"
+        \\"npm:7.6.0\\"
       ],
       [
         \\"@testing-library/dom\\",
@@ -45,21 +45,13 @@ function $$SETUP_STATE(hydrateRuntimeState, basePath) {
         [null, {
           \\"packageLocation\\": \\"./\\",
           \\"packageDependencies\\": [
-            [\\"@babel/runtime\\", \\"npm:7.5.0\\"],
+            [\\"@babel/runtime\\", \\"npm:7.6.0\\"],
             [\\"@testing-library/dom\\", \\"npm:6.2.0\\"]
           ],
           \\"linkType\\": \\"SOFT\\",
         }]
       ]],
       [\\"@babel/runtime\\", [
-        [\\"npm:7.5.0\\", {
-          \\"packageLocation\\": \\"./.yarn/cache/@babel-runtime-npm-7.5.0-40b4260c9d-2.zip/node_modules/@babel/runtime/\\",
-          \\"packageDependencies\\": [
-            [\\"@babel/runtime\\", \\"npm:7.5.0\\"],
-            [\\"regenerator-runtime\\", \\"npm:0.13.3\\"]
-          ],
-          \\"linkType\\": \\"HARD\\",
-        }],
         [\\"npm:7.6.0\\", {
           \\"packageLocation\\": \\"./.yarn/cache/@babel-runtime-npm-7.6.0-9739cfe9fc-2.zip/node_modules/@babel/runtime/\\",
           \\"packageDependencies\\": [
@@ -208,7 +200,7 @@ function $$SETUP_STATE(hydrateRuntimeState, basePath) {
           \\"packageLocation\\": \\"./\\",
           \\"packageDependencies\\": [
             [\\"before\\", \\"workspace:.\\"],
-            [\\"@babel/runtime\\", \\"npm:7.5.0\\"],
+            [\\"@babel/runtime\\", \\"npm:7.6.0\\"],
             [\\"@testing-library/dom\\", \\"npm:6.2.0\\"]
           ],
           \\"linkType\\": \\"SOFT\\",
diff --git a/.yarn/cache/@babel-runtime-npm-7.5.0-40b4260c9d-2.zip b/.yarn/cache/@babel-runtime-npm-7.5.0-40b4260c9d-2.zip
deleted file mode 100644
index 3bfb843..0000000
Binary files a/.yarn/cache/@babel-runtime-npm-7.5.0-40b4260c9d-2.zip and /dev/null differ
diff --git a/yarn.lock b/yarn.lock
index 8ad3f2f..6724d5e 100644
--- a/yarn.lock
+++ b/yarn.lock
@@ -4,16 +4,7 @@
 __metadata:
   version: 4
 
-\\"@babel/runtime@npm:^7.5.0\\":
-  version: 7.5.0
-  resolution: \\"@babel/runtime@npm:7.5.0\\"
-  dependencies:
-    regenerator-runtime: ^0.13.2
-  checksum: 2/f726c04816b68bfc6be43b4dba662559f84cf56b8bd4f5efb5a6868a913d073c41d68f03043fa280d3ea3e14ecd339511992cbcc56f3ca48621978a915a0d8df
-  languageName: node
-  linkType: hard
-
-\\"@babel/runtime@npm:^7.5.5\\":
+\\"@babel/runtime@npm:^7.5.0, @babel/runtime@npm:^7.5.5\\":
   version: 7.6.0
   resolution: \\"@babel/runtime@npm:7.6.0\\"
   dependencies:
"
`;

exports[`fixtures fixture test-a: stderr 1`] = `""`;

exports[`fixtures fixture test-a: stdout 1`] = `
"[94mâž¤[39m [90mYN0000[39m: â”Œ deduplication step
[94mâž¤[39m YN0000: â”‚ @babel/runtime@npm:^7.5.0 can be deduplicated from runtime@7.5.0 to runtime@7.6.0
[94mâž¤[39m [90mYN0000[39m: â”” Completed
[94mâž¤[39m [90mYN0000[39m: â”Œ Resolution step
[94mâž¤[39m [90mYN0000[39m: â”” Completed
[94mâž¤[39m [90mYN0000[39m: â”Œ Fetch step
[94mâž¤[39m ]8;;https://yarnpkg.com/advanced/error-codes#yn0019---unused_cache_entry\\\\YN0019]8;;\\\\: â”‚ [35m@babel-runtime-npm-7.5.0-40b4260c9d-2.zip[39m appears to be unused - removing
[94mâž¤[39m [90mYN0000[39m: â”” Completed
[94mâž¤[39m [90mYN0000[39m: â”Œ Link step
[94mâž¤[39m [90mYN0000[39m: â”” Completed
[94mâž¤[39m YN0000: Done
"
`;
